// Jest Snapshot v1, https://goo.gl/fbAQLP

exports[`It Renders Footer without error 1`] = `
<footer
  className="footer"
>
  <div
    className="content has-text-centered"
  >
    <p>
      <strong>
        Notes
      </strong>
       by 
      <a
        href="https://jgthms.com"
      >
        Sunil Hari
      </a>
      <a
        href="http://opensource.org/licenses/mit-license.php"
      >
        MIT
      </a>
    </p>
  </div>
</footer>
`;
